// Jest Snapshot v1, https://goo.gl/fbAQLP

exports[`Test for Home component The component should render 1`] = `
<DocumentFragment>
  <div
    style="height: 100%;"
  >
    <h2>
      Welcome to our page!
    </h2>
    <p>
      This is a simple React-built website that let you perform simple math operations through our calculator app.
    </p>
    <p>
      Also, there is a math quote in our quote section so you can get inspired.
    </p>
  </div>
</DocumentFragment>
`;
